0.0: 0.0 | 0.0 | 0.0 | 0.0 | 0.0 | 0.0 | Right 0
-0.0: -0.0 | -0.0 | -0.0 | -0.0 | -0.0 | -0.0 | Right 0
0.49999999999999994: 0.0 | 0.0 | 0.0 | 1.0 | 0.0 | 1.0 | Right 0
-0.49999999999999994: -0.0 | -0.0 | -0.0 | -1.0 | -1.0 | -0.0 | Right 0
0.5: 0.0 | 1.0 | 0.0 | 1.0 | 0.0 | 1.0 | Right 1
-0.5: -0.0 | -1.0 | -0.0 | -1.0 | -1.0 | -0.0 | Right -1
0.5000000000000001: 1.0 | 1.0 | 0.0 | 1.0 | 0.0 | 1.0 | Right 1
-0.5000000000000001: -1.0 | -1.0 | -0.0 | -1.0 | -1.0 | -0.0 | Right -1
1.4999999999999998: 1.0 | 1.0 | 1.0 | 2.0 | 1.0 | 2.0 | Right 1
-1.4999999999999998: -1.0 | -1.0 | -1.0 | -2.0 | -2.0 | -1.0 | Right -1
1.5: 2.0 | 2.0 | 1.0 | 2.0 | 1.0 | 2.0 | Right 2
-1.5: -2.0 | -2.0 | -1.0 | -2.0 | -2.0 | -1.0 | Right -2
1.5000000000000002: 2.0 | 2.0 | 1.0 | 2.0 | 1.0 | 2.0 | Right 2
-1.5000000000000002: -2.0 | -2.0 | -1.0 | -2.0 | -2.0 | -1.0 | Right -2
2.5: 2.0 | 3.0 | 2.0 | 3.0 | 2.0 | 3.0 | Right 3
-2.5: -2.0 | -3.0 | -2.0 | -3.0 | -3.0 | -2.0 | Right -3
3.5: 4.0 | 4.0 | 3.0 | 4.0 | 3.0 | 4.0 | Right 4
-3.5: -4.0 | -4.0 | -3.0 | -4.0 | -4.0 | -3.0 | Right -4
4503599627370497.0: 4503599627370497.0 | 4503599627370497.0 | 4503599627370497.0 | 4503599627370497.0 | 4503599627370497.0 | 4503599627370497.0 | Right 4503599627370497
-4503599627370497.0: -4503599627370497.0 | -4503599627370497.0 | -4503599627370497.0 | -4503599627370497.0 | -4503599627370497.0 | -4503599627370497.0 | Right -4503599627370497
9007199254740991.0: 9007199254740991.0 | 9007199254740991.0 | 9007199254740991.0 | 9007199254740991.0 | 9007199254740991.0 | 9007199254740991.0 | Right 9007199254740991
-9007199254740991.0: -9007199254740991.0 | -9007199254740991.0 | -9007199254740991.0 | -9007199254740991.0 | -9007199254740991.0 | -9007199254740991.0 | Right -9007199254740991
9007199254740992.0: 9007199254740992.0 | 9007199254740992.0 | 9007199254740992.0 | 9007199254740992.0 | 9007199254740992.0 | 9007199254740992.0 | FloatOutsideIntRange
-9007199254740992.0: -9007199254740992.0 | -9007199254740992.0 | -9007199254740992.0 | -9007199254740992.0 | -9007199254740992.0 | -9007199254740992.0 | FloatOutsideIntRange
NaN: NaN | NaN | NaN | NaN | NaN | NaN | FloatNotFinite
Infinity: Infinity | Infinity | Infinity | Infinity | Infinity | Infinity | FloatNotFinite
-Infinity: -Infinity | -Infinity | -Infinity | -Infinity | -Infinity | -Infinity | FloatNotFinite
